main.c:208:5:main	88	static
main.c:292:6:SystemClock_Config	168	static
main.c:353:6:DPC_FSM_WAIT_Func	16	static
main.c:386:6:DPC_FSM_IDLE_Func	16	static
main.c:422:6:DPC_FSM_INIT_Func	16	static
main.c:499:6:DPC_FSM_START_Func	16	static
main.c:557:6:DPC_FSM_RUN_Func	16	static
main.c:602:6:DPC_FSM_STOP_Func	16	static
main.c:618:6:DPC_FSM_ERROR_Func	16	static
main.c:687:6:DPC_FSM_FAULT_Func	16	static
main.c:702:7:DPC_MISC_Analog_Start	8	static
main.c:706:6:HAL_TIM_PeriodElapsedCallback	16	static
main.c:746:6:HAL_HRTIM_Fault1Callback	16	static
main.c:750:6:HAL_HRTIM_Fault3Callback	16	static
main.c:760:6:Error_Handler	4	static,ignoring_inline_asm
